// Jest Snapshot v1, https://goo.gl/fbAQLP

exports[`create-user-route should register valid user 1`] = `
Object {
  "email": "jack@daniels.com",
  "id": 1,
  "name": "Jack Daniels",
}
`;

exports[`create-user-route should return validation error for duplicate email 1`] = `
Object {
  "email": "jack@daniels.com",
  "id": 1,
  "name": "Jack Daniels",
}
`;

exports[`create-user-route should return validation error for duplicate email 2`] = `null`;

exports[`create-user-route should return validation error for invalid email 1`] = `null`;
